main.c:102:24:getEncoderDir	8	static
main.c:118:6:printRfFrequency	16	static
main.c:146:6:showTuningStep	8	static
main.c:171:6:isEncoderKeyPressed	16	static
main.c:209:6:updateVoltage	24	static
main.c:227:6:changeTuningStep	0	static
main.c:241:6:setVFOFreqWithStepByDir	16	static
main.c:256:6:HAL_ADC_ConvCpltCallback	0	static
main.c:368:6:SystemClock_Config	88	static,ignoring_inline_asm
main.c:269:5:main	104	static,ignoring_inline_asm
main.c:618:6:Error_Handler	0	static,ignoring_inline_asm
main.c:637:6:assert_failed	0	static
