stm32f1xx_it.c:55:10:getBtnElapsedTime	0	static
stm32f1xx_it.c:59:6:setBtnWaitTime	0	static
stm32f1xx_it.c:63:6:btnIncTic	0	static
stm32f1xx_it.c:80:6:NMI_Handler	0	static
stm32f1xx_it.c:95:6:HardFault_Handler	0	static
stm32f1xx_it.c:110:6:MemManage_Handler	0	static
stm32f1xx_it.c:125:6:BusFault_Handler	0	static
stm32f1xx_it.c:140:6:UsageFault_Handler	0	static
stm32f1xx_it.c:155:6:SVC_Handler	0	static
stm32f1xx_it.c:168:6:DebugMon_Handler	0	static
stm32f1xx_it.c:181:6:PendSV_Handler	0	static
stm32f1xx_it.c:194:6:SysTick_Handler	8	static
stm32f1xx_it.c:215:6:ADC1_2_IRQHandler	0	static
